<!doctype html>
<html lang="en">
  <head>
    <!-- Required meta tags -->
    <meta charset="utf-8">
    <meta name="viewport" content="width=device-width, initial-scale=1, shrink-to-fit=no">

    <!-- Bootstrap CSS -->
    <link rel="stylesheet" href="https://maxcdn.bootstrapcdn.com/bootstrap/4.0.0/css/bootstrap.min.css" integrity="sha384-Gn5384xqQ1aoWXA+058RXPxPg6fy4IWvTNh0E263XmFcJlSAwiGgFAW/dAiS6JXm" crossorigin="anonymous">
    <link href="https://fonts.googleapis.com/css?family=Montserrat:400,700|Roboto+Slab" rel="stylesheet"> 
    <link rel="stylesheet" href="https://use.fontawesome.com/releases/v5.0.9/css/all.css" integrity="sha384-5SOiIsAziJl6AWe0HWRKTXlfcSHKmYV4RBF18PPJ173Kzn7jzMyFuTtk8JA7QQG1" crossorigin="anonymous">
    <link rel="stylesheet" href="css/main.css">

    <title>Golden</title>
  </head>
  <body>

    <!-- First Screen -->

    <header id="header" class="header">
      <div class="container">
        <div class="row">
          <div class="col-ml-4 col-sm-3 m-auto">
            <img class="logo" src="img/Logo.png" alt="Logo_Golden">
          </div>
          <div class="col-ml-8 col-sm-9 m-auto">


            



            <nav>
              <ul class="menu">
                <li class="menu__item"><a href="#header">Home</a></li>
                <li class="menu__item"><a href="#services">Services</a></li>
                <li class="menu__item"><a href="#portfolio">Portfolio</a></li>
                <li class="menu__item"><a href="#about">About</a></li>
                <li class="menu__item"><a href="#contact">Contact</a></li>          
              </ul>
            </nav>
          </div>
          <div class="row m-auto">
            <div class="col-lg-12">
              <h2>
                Welcome To Our Studio!
              </h2>
              <h1>
                Itâ€™s nice to Meet you
              </h1>
            </div>
            <div class="col-lg-12 d-flex justify-content-center">
              <div class="btn yellow">
                Tell me more
              </div>
            </div>
          </div>
        </div>
      </div>
    </header>

    <!-- Services Screen -->

    <section id="services" class="services">
      <div class="container">

        <div class="row">
          <div class="col-lg-12">
            <h3>Services</h3>
            <h5>Proin iaculis purus consequat sem cure. </h5>
          </div>
        </div>

        <div class="row">
          <div class="col-lg-4 d-flex justify-content-center">
            <div class="thumbnail">
              <div class="services__icon m-auto">
                <a href="#"><i class="fas fa-shopping-basket"></i></a>
              </div>              
              <div class="caption">
                <h4>E-Commerce</h4>
                <p>Proin iaculis purus consequat sem cure digni ssim. Donec porttitora entum suscipit aenean rhoncus posuere odio in tincidunt.</p>
              </div>
            </div>
          </div>

          <div class="col-lg-4 d-flex justify-content-center">
            <div class="thumbnail">
              <div class="services__icon m-auto">
                <a href="#"><i class="fas fa-laptop"></i></a>
              </div>
              <div class="caption">
                <h4>Responsive Web</h4>
                <p>Proin iaculis purus consequat sem cure digni ssim. Donec porttitora entum suscipit aenean rhoncus posuere odio in tincidunt.</p>
              </div>
            </div>
          </div>

          <div class="col-lg-4 d-flex justify-content-center">
            <div class="thumbnail">
              <div class="services__icon m-auto">
                <a href="#"><i class="fas fa-lock"></i></a>
              </div>
              <div class="caption">
                <h4>Web Security</h4>
                <p>Proin iaculis purus consequat sem cure digni ssim. Donec porttitora entum suscipit aenean rhoncus posuere odio in tincidunt.</p>
              </div>
            </div>
          </div>

        </div>
      </div>
    </section>

    <!-- Portfolio Screen -->

    <section id="portfolio" class="portfolio">
      <div class="container">
        <div class="row">
          <div class="col-lg-12">
            <h3>Our Portfolio</h3>
            <h5>Proin iaculis purus consequat sem cure. </h5>
          </div>
        </div>

        <div class="row">
          <div class="col-sm-6 col-lg-4 d-flex justify-content-center">
              <div id="card" class="thumbnail">
                <a target="_blank" href="#">
                  <img src="img/img1.jpg" alt="img1.jpg">
                    <div class="caption">
                      <h4>Ebony & Ivory</h4>
                      <h6>Branding</h6>
                    </div>
                </a>
              </div>
          </div>

          <div class="col-sm-6 col-lg-4 d-flex justify-content-center">
            <div id="card" class="thumbnail">
                <a target="_blank" href="#">
                  <img src="img/img2.jpg" alt="img2.jpg">
                    <div class="caption">
                      <h4>Smart Stationary</h4>
                      <h6>Print Design</h6>
                    </div>
                </a>
              </div>
          </div>

          <div class="col-sm-6 col-lg-4 d-flex justify-content-center">
            <div id="card" class="thumbnail">
              <a target="_blank" href="#">
                <img src="img/img3.jpg" alt="img3.jpg">
                  <div class="caption">
                    <h4>Clever Poster</h4>
                    <h6>Print Design</h6>
                  </div>
                </a>
            </div>
          </div>

          <div class="col-sm-6 col-lg-4 d-flex justify-content-center">
            <div id="card" class="thumbnail">
              <a target="_blank" href="#">
                <img src="img/img4.jpg" alt="img4.jpg">
                  <div class="caption">
                    <h4>Vinyl Records</h4>
                    <h6>Product Mock-Up</h6>
                  </div>
                </a>
            </div>
          </div>

          <div class="col-sm-6 col-lg-4 d-flex justify-content-center">
            <div id="card" class="thumbnail">
              <a target="_blank" href="#">
                <img src="img/img5.jpg" alt="img5.jpg">
                  <div class="caption">
                    <h4>Threehouse Template</h4>
                    <h6>Web Design</h6>
                  </div>
                </a>
            </div>
          </div>

          <div class="col-sm-6 col-lg-4 d-flex justify-content-center">
            <div id="card" class="thumbnail">
              <a target="_blank" href="#">
                <img src="img/img6.jpg" alt="img6.jpg">
                  <div class="caption">
                    <h4>Burned Logo</h4>
                    <h6>Branding</h6>
                  </div>
                </a>
            </div>
          </div>
        </div>        
      </div>
    </section>

    <!-- About Screen -->

    <section id="about" class="about">
      <div class="container">
        <div class="row">
          <div class="col-lg-12">
            <h3>About US</h3>
            <h5>Proin iaculis purus consequat sem cure.</h5>
          </div>
        </div>

        <div class="container">
        <div class="row m-auto">
          <div class="col-sm-12 col-lg-5 d-flex justify-content-end">
            <div class="wrap">
              <h4 class="about__text-right">
                  JULY 2010<br>
                  Our Humble Beginnings
                </h4>
                <p class="about__text-right">
                  Proin iaculis purus consequat sem curedigni ssim. Donec porttitora entum suscipit aenean rhoncus posuere odio in tincidunt. Proin iaculis purus consequat sem cure digni ssim. Donec porttitora entum suscipit.
                </p>
            </div>
          </div>
          <div class="col-sm-12 col-lg-2">
            <div class="wrap">
              <img src="img/img7.png" class="m-auto">
            </div>
            <div class="line m-auto">
            
            </div>
          </div>
          <div class="col-lg-5">
                      
          </div>
        </div>
        </div>

        <div class="row">
          <div class="col-lg-5 d-flex justify-content-end">
            
          </div>
          <div class="col-lg-2">
            <div class="wrap">
              <img src="img/img8.png">
            </div>
            <div class="line m-auto">
            
            </div>
          </div>
          <div class="col-lg-5">
            <div class="wrap">
              <h4 class="about__text-left">
                  JANUARY 2011<br>
                  Facing Startup Battles
                </h4>
                <p class="about__text-left">
                  Proin iaculis purus consequat sem cure 
                  digni ssim. Donec porttitora entum suscipit 
                  aenean rhoncus posuere odio in tincidunt. Proin 
                  iaculis purus consequat sem cure digni 
                  ssim. Donec porttitora entum suscipit aenean 
                  rhoncus posuere odio in tincidunt.
                </p>
            </div>            
          </div>
        </div>

        <div class="row">
          <div class="col-lg-5 d-flex justify-content-end">
            <div class="wrap">
              <h4 class="about__text-right">
                  DECEMBER 2012<br>
                  Enter The Dark Days
                </h4>
                <p class="about__text-right">
                  Proin iaculis purus consequat sem curedigni ssim. Donec porttitora entum suscipit aenean rhoncus posuere odio in tincidunt. Proin iaculis purus consequat sem cure digni.
                </p>
            </div>
          </div>
          <div class="col-lg-2">
            <div class="wrap">
              <img src="img/img9.png">
            </div>
            <div class="line m-auto">
            
            </div>
          </div>
          <div class="col-lg-5">
                      
          </div>
        </div>

        <div class="row">
          <div class="col-lg-5 d-flex justify-content-end">
            
          </div>
          <div class="col-lg-2">
            <div class="wrap">
              <img src="img/img10.png">
            </div>
            <div class="line m-auto">
            
            </div>
          </div>
          <div class="col-lg-5">
            <div class="wrap">
              <h4 class="about__text-left">
                  FEBRUARY 2014<br>
                  Our Triumph
                </h4>
                <p class="about__text-left">
                  Proin iaculis purus consequat sem cure 
                  digni ssim. Donec porttitora entum suscipit 
                  aenean rhoncus posuere odio in tincidunt. Proin 
                  iaculis purus consequat sem cure digni 
                  ssim. Donec porttitora entum suscipit aenean.
                </p>
            </div>            
          </div>
        </div>

        <div class="row">
          <div class="col-lg-5 d-flex justify-content-end">
            
          </div>
          <div class="col-lg-2">
            <div class="wrap">
              <img src="img/img11.png">
            </div>
          </div>
          <div class="col-lg-5">
                    
          </div>
        </div>
    </section>

    <!-- Amazing Screen -->

    <section id="amazing" class="amazing">
      <div class="container">
        <div class="row">
          <div class="col-lg-12">
            <h3>Our amazing team</h3>
            <h5>Proin iaculis purus consequat sem cure.</h5>
          </div>
        </div>
      </div>
        
      <div class="container">
        <div class="row">

          <div class="col-lg-4 d-flex justify-content-center">
            <div class="thumbnail">
              <img src="img/Marketer.png">
              <div class="caption">
                <h4>Kimberly Thompson</h4>
                <p>Marketer</p>
                  <ul class="social d-flex justify-content-center">
                    <li><a href="#"><i class="fab fa-twitter" aria-hidden="true"></i></a></li>
                    <li><a href="#"><i class="fab fa-facebook-f" aria-hidden="true"></i></a></li>
                    <li><a href="#"><i class="fab fa-pinterest-p" aria-hidden="true"></i></a></li>
                  </ul>
              </div>
            </div>
          </div>

          <div class="col-lg-4 d-flex justify-content-center">
            <div class="thumbnail">
              <img src="img/Marketer.png">
              <div class="caption">
                <h4>Rico Massimo</h4>
                <p>Coder</p>
                  <ul class="social d-flex justify-content-center">
                    <li><a href="#"><i class="fab fa-twitter" aria-hidden="true"></i></a></li>
                    <li><a href="#"><i class="fab fa-facebook-f" aria-hidden="true"></i></a></li>
                    <li><a href="#"><i class="fab fa-pinterest-p" aria-hidden="true"></i></a></li>
                  </ul>
              </div>
            </div>
          </div>

          <div class="col-lg-4 d-flex justify-content-center">
            <div class="thumbnail">
              <img src="img/Marketer.png">
              <div class="caption">
                <h4>Uku Mason</h4>
                <p>Graphic Designer</p>
                  <ul class="social d-flex justify-content-center">
                    <li><a href="#"><i class="fab fa-twitter" aria-hidden="true"></i></a></li>
                    <li><a href="#"><i class="fab fa-facebook-f" aria-hidden="true"></i></a></li>
                    <li><a href="#"><i class="fab fa-pinterest-p" aria-hidden="true"></i></a></li>
                  </ul>
              </div>
            </div>
          </div>

        </div>
      </div>
    </section>

    <!-- CMS Screen -->

    <section id="cms" class="cms ">
      <div class="container d-flex justify-content-center">
          <div class="cms__content">
            <img src="img/Envato.png" alt="">
            <img src="img/WordPress.png" alt="">
            <img src="img/Tuts.png" alt="">
            <img src="img/Microlancer.png" alt="">
          </div>
      </div>
    </section>

    <!-- Contact Screen -->

    <section id="contact" class="contact">
      <div class="container">
        <div class="row">
          <div class="col-lg-12">
            <h3>Contact US</h3>
            <h5>Proin iaculis purus consequat sem cure.</h5>
          </div>
        </div>


        <form>
          <div class="row">
            <div class="col-lg-6">
              <div class="form-group">
                <input type="text" class="form-control" id="validationCustom01" placeholder="Your name" required>   
              </div>

            <div class="form-group">
              <input type="email" class="form-control" id="exampleInputEmail1" aria-describedby="emailHelp" placeholder="Your e-mail" required>
            </div>

            <div class="form-group">
              <input type="text" class="form-control" id="validationCustom01" placeholder="Subject" required>
            </div>
          </div>

            <div class="col-lg-6">
              <div class="form-group">
                <textarea class="form-control" id="exampleFormControlTextarea1" placeholder="Your message" rows="6"></textarea>
              </div>
            </div>
          </div>

          <div class="row">
            <div class="col-lg-12 d-flex justify-content-center">
              <button type="submit" class="btn yellow">Send message</button>
            </div>
          </div>      
        </form>
      </div>
    </section>

    <!-- Footer -->

    <footer id="footer" class="footer">
      <div class="container">
        <div class="row">
          <div class="col-ml-4 col-lg-4 d-flex justify-content-end">
            <h6>Â© Copyright 2014 FreebiesXpress.com</h6>
          </div>
          <div class="col-ml-4 col-lg-4">
            <ul class="d-flex justify-content-center">
                <li class="social"><a href="#"><i class="fab fa-twitter" aria-hidden="true"></i></a></li>
                <li class="social"><a href="#"><i class="fab fa-facebook-f" aria-hidden="true"></i></a></li>
                <li class="social"><a href="#"><i class="fab fa-pinterest-p" aria-hidden="true"></i></a></li>
                <li class="social"><a href="#"><i class="fab fa-google-plus-g" aria-hidden="true"></i></a></li>
            </ul>
          </div>
          <div class="col-ml-4 col-lg-4">
                      
          </div>
        </div>
      </div>
    </footer> 

    <!-- Optional JavaScript -->
    <!-- jQuery first, then Popper.js, then Bootstrap JS -->
    <script src="https://code.jquery.com/jquery-3.2.1.slim.min.js" integrity="sha384-KJ3o2DKtIkvYIK3UENzmM7KCkRr/rE9/Qpg6aAZGJwFDMVNA/GpGFF93hXpG5KkN" crossorigin="anonymous"></script>
    <script src="https://cdnjs.cloudflare.com/ajax/libs/popper.js/1.12.9/umd/popper.min.js" integrity="sha384-ApNbgh9B+Y1QKtv3Rn7W3mgPxhU9K/ScQsAP7hUibX39j7fakFPskvXusvfa0b4Q" crossorigin="anonymous"></script>
    <script src="https://maxcdn.bootstrapcdn.com/bootstrap/4.0.0/js/bootstrap.min.js" integrity="sha384-JZR6Spejh4U02d8jOt6vLEHfe/JQGiRRSQQxSfFWpi1MquVdAyjUar5+76PVCmYl" crossorigin="anonymous"></script>
  </body>
</html>